SURF96 R U T -1 100.00    4.0033    1.0000    
SURF96 R C T -1 100.00    4.2988    1.0000    
SURF96 R U T -1 95.000    4.0016    1.0000    
SURF96 R C T -1 95.000    4.2829    1.0000    
SURF96 R U T -1 90.000    3.9963    1.0000    
SURF96 R C T -1 90.000    4.2670    1.0000    
SURF96 R U T -1 85.000    3.9885    1.0000    
SURF96 R C T -1 85.000    4.2509    1.0000    
SURF96 R U T -1 80.000    3.9740    1.0000    
SURF96 R C T -1 80.000    4.2340    1.0000    
SURF96 R U T -1 75.000    3.9531    1.0000    
SURF96 R C T -1 75.000    4.2160    1.0000    
SURF96 R U T -1 70.000    3.9240    1.0000    
SURF96 R C T -1 70.000    4.1963    1.0000    
SURF96 R U T -1 65.000    3.8840    1.0000    
SURF96 R C T -1 65.000    4.1741    1.0000    
SURF96 R U T -1 60.000    3.8300    1.0000    
SURF96 R C T -1 60.000    4.1481    1.0000    
SURF96 R U T -1 55.000    3.7564    1.0000    
SURF96 R C T -1 55.000    4.1159    1.0000    
SURF96 R U T -1 50.000    3.6604    1.0000    
SURF96 R C T -1 50.000    4.0753    1.0000    
SURF96 R U T -1 48.000    3.6146    1.0000    
SURF96 R C T -1 48.000    4.0558    1.0000    
SURF96 R U T -1 46.000    3.5638    1.0000    
SURF96 R C T -1 46.000    4.0340    1.0000    
SURF96 R U T -1 44.000    3.5078    1.0000    
SURF96 R C T -1 44.000    4.0095    1.0000    
SURF96 R U T -1 42.000    3.4464    1.0000    
SURF96 R C T -1 42.000    3.9817    1.0000    
SURF96 R U T -1 40.000    3.3795    1.0000    
SURF96 R C T -1 40.000    3.9504    1.0000    
SURF96 R U T -1 38.000    3.3073    1.0000    
SURF96 R C T -1 38.000    3.9151    1.0000    
SURF96 R U T -1 36.000    3.2293    1.0000    
SURF96 R C T -1 36.000    3.8745    1.0000    
SURF96 R U T -1 34.000    3.1470    1.0000    
SURF96 R C T -1 34.000    3.8288    1.0000    
SURF96 R U T -1 32.000    3.0609    1.0000    
SURF96 R C T -1 32.000    3.7769    1.0000    
SURF96 R U T -1 30.000    2.9731    1.0000    
SURF96 R C T -1 30.000    3.7182    1.0000    
SURF96 R U T -1 29.000    2.9296    1.0000    
SURF96 R C T -1 29.000    3.6862    1.0000    
SURF96 R U T -1 28.000    2.8871    1.0000    
SURF96 R C T -1 28.000    3.6525    1.0000    
SURF96 R U T -1 27.000    2.8462    1.0000    
SURF96 R C T -1 27.000    3.6171    1.0000    
SURF96 R U T -1 26.000    2.8084    1.0000    
SURF96 R C T -1 26.000    3.5800    1.0000    
