SURF96 R U T  0 85.000    3.4814    1.0000    
SURF96 R C T  0 85.000    6.5183    1.0000    
SURF96 R U T  0 80.000    3.5060    1.0000    
SURF96 R C T  0 80.000    6.2024    1.0000    
SURF96 R U T  0 75.000    3.5291    1.0000    
SURF96 R C T  0 75.000    5.9201    1.0000    
SURF96 R U T  0 70.000    3.5494    1.0000    
SURF96 R C T  0 70.000    5.6660    1.0000    
SURF96 R U T  0 65.000    3.5649    1.0000    
SURF96 R C T  0 65.000    5.4358    1.0000    
SURF96 R U T  0 60.000    3.5728    1.0000    
SURF96 R C T  0 60.000    5.2257    1.0000    
SURF96 R U T  0 55.000    3.5692    1.0000    
SURF96 R C T  0 55.000    5.0316    1.0000    
SURF96 R U T  0 50.000    3.5485    1.0000    
SURF96 R C T  0 50.000    4.8494    1.0000    
SURF96 R U T  0 48.000    3.5338    1.0000    
SURF96 R C T  0 48.000    4.7788    1.0000    
SURF96 R U T  0 46.000    3.5148    1.0000    
SURF96 R C T  0 46.000    4.7090    1.0000    
SURF96 R U T  0 44.000    3.4909    1.0000    
SURF96 R C T  0 44.000    4.6395    1.0000    
SURF96 R U T  0 42.000    3.4615    1.0000    
SURF96 R C T  0 42.000    4.5700    1.0000    
SURF96 R U T  0 40.000    3.4261    1.0000    
SURF96 R C T  0 40.000    4.5000    1.0000    
SURF96 R U T  0 38.000    3.3845    1.0000    
SURF96 R C T  0 38.000    4.4288    1.0000    
SURF96 R U T  0 36.000    3.3363    1.0000    
SURF96 R C T  0 36.000    4.3559    1.0000    
SURF96 R U T  0 34.000    3.2819    1.0000    
SURF96 R C T  0 34.000    4.2807    1.0000    
SURF96 R U T  0 32.000    3.2221    1.0000    
SURF96 R C T  0 32.000    4.2025    1.0000    
SURF96 R U T  0 30.000    3.1588    1.0000    
SURF96 R C T  0 30.000    4.1207    1.0000    
SURF96 R U T  0 29.000    3.1269    1.0000    
SURF96 R C T  0 29.000    4.0784    1.0000    
SURF96 R U T  0 28.000    3.0957    1.0000    
SURF96 R C T  0 28.000    4.0351    1.0000    
SURF96 R U T  0 27.000    3.0661    1.0000    
SURF96 R C T  0 27.000    3.9909    1.0000    
SURF96 R U T  0 26.000    3.0395    1.0000    
SURF96 R C T  0 26.000    3.9460    1.0000    
