SURF96 R U T -1 95.000    3.5667    1.0000    
SURF96 R C T -1 95.000    6.4004    1.0000    
SURF96 R U T -1 90.000    3.5759    1.0000    
SURF96 R C T -1 90.000    6.1444    1.0000    
SURF96 R U T -1 85.000    3.5842    1.0000    
SURF96 R C T -1 85.000    5.9091    1.0000    
SURF96 R U T -1 80.000    3.5911    1.0000    
SURF96 R C T -1 80.000    5.6924    1.0000    
SURF96 R U T -1 75.000    3.5960    1.0000    
SURF96 R C T -1 75.000    5.4920    1.0000    
SURF96 R U T -1 70.000    3.5977    1.0000    
SURF96 R C T -1 70.000    5.3057    1.0000    
SURF96 R U T -1 65.000    3.5949    1.0000    
SURF96 R C T -1 65.000    5.1315    1.0000    
SURF96 R U T -1 60.000    3.5856    1.0000    
SURF96 R C T -1 60.000    4.9675    1.0000    
SURF96 R U T -1 55.000    3.5670    1.0000    
SURF96 R C T -1 55.000    4.8116    1.0000    
SURF96 R U T -1 50.000    3.5355    1.0000    
SURF96 R C T -1 50.000    4.6614    1.0000    
SURF96 R U T -1 48.000    3.5182    1.0000    
SURF96 R C T -1 48.000    4.6021    1.0000    
SURF96 R U T -1 46.000    3.4976    1.0000    
SURF96 R C T -1 46.000    4.5431    1.0000    
SURF96 R U T -1 44.000    3.4734    1.0000    
SURF96 R C T -1 44.000    4.4840    1.0000    
SURF96 R U T -1 42.000    3.4450    1.0000    
SURF96 R C T -1 42.000    4.4244    1.0000    
SURF96 R U T -1 40.000    3.4121    1.0000    
SURF96 R C T -1 40.000    4.3640    1.0000    
SURF96 R U T -1 38.000    3.3741    1.0000    
SURF96 R C T -1 38.000    4.3025    1.0000    
SURF96 R U T -1 36.000    3.3309    1.0000    
SURF96 R C T -1 36.000    4.2393    1.0000    
SURF96 R U T -1 34.000    3.2820    1.0000    
SURF96 R C T -1 34.000    4.1738    1.0000    
SURF96 R U T -1 32.000    3.2276    1.0000    
SURF96 R C T -1 32.000    4.1056    1.0000    
SURF96 R U T -1 30.000    3.1682    1.0000    
SURF96 R C T -1 30.000    4.0340    1.0000    
SURF96 R U T -1 29.000    3.1370    1.0000    
SURF96 R C T -1 29.000    3.9968    1.0000    
SURF96 R U T -1 28.000    3.1052    1.0000    
SURF96 R C T -1 28.000    3.9585    1.0000    
SURF96 R U T -1 27.000    3.0731    1.0000    
SURF96 R C T -1 27.000    3.9191    1.0000    
SURF96 R U T -1 26.000    3.0414    1.0000    
SURF96 R C T -1 26.000    3.8786    1.0000    
