SURF96 R U T -1 80.000    3.5678    1.0000    
SURF96 R C T -1 80.000    6.4060    1.0000    
SURF96 R U T -1 75.000    3.6428    1.0000    
SURF96 R C T -1 75.000    6.1098    1.0000    
SURF96 R U T -1 70.000    3.6959    1.0000    
SURF96 R C T -1 70.000    5.8508    1.0000    
SURF96 R U T -1 65.000    3.7190    1.0000    
SURF96 R C T -1 65.000    5.6191    1.0000    
SURF96 R U T -1 60.000    3.7049    1.0000    
SURF96 R C T -1 60.000    5.4060    1.0000    
SURF96 R U T -1 55.000    3.6545    1.0000    
SURF96 R C T -1 55.000    5.2029    1.0000    
SURF96 R U T -1 50.000    3.5833    1.0000    
SURF96 R C T -1 50.000    5.0037    1.0000    
SURF96 R U T -1 48.000    3.5582    1.0000    
SURF96 R C T -1 48.000    4.9246    1.0000    
