SURF96 R U T -1 95.000    3.7117    1.0000    
SURF96 R C T -1 95.000    6.4982    1.0000    
SURF96 R U T -1 90.000    3.7188    1.0000    
SURF96 R C T -1 90.000    6.2520    1.0000    
SURF96 R U T -1 85.000    3.7242    1.0000    
SURF96 R C T -1 85.000    6.0243    1.0000    
SURF96 R U T -1 80.000    3.7272    1.0000    
SURF96 R C T -1 80.000    5.8133    1.0000    
SURF96 R U T -1 75.000    3.7268    1.0000    
SURF96 R C T -1 75.000    5.6169    1.0000    
SURF96 R U T -1 70.000    3.7219    1.0000    
SURF96 R C T -1 70.000    5.4329    1.0000    
SURF96 R U T -1 65.000    3.7106    1.0000    
SURF96 R C T -1 65.000    5.2593    1.0000    
SURF96 R U T -1 60.000    3.6905    1.0000    
SURF96 R C T -1 60.000    5.0944    1.0000    
SURF96 R U T -1 55.000    3.6587    1.0000    
SURF96 R C T -1 55.000    4.9356    1.0000    
SURF96 R U T -1 50.000    3.6112    1.0000    
SURF96 R C T -1 50.000    4.7802    1.0000    
SURF96 R U T -1 48.000    3.5867    1.0000    
SURF96 R C T -1 48.000    4.7182    1.0000    
SURF96 R U T -1 46.000    3.5588    1.0000    
SURF96 R C T -1 46.000    4.6560    1.0000    
SURF96 R U T -1 44.000    3.5269    1.0000    
SURF96 R C T -1 44.000    4.5933    1.0000    
SURF96 R U T -1 42.000    3.4908    1.0000    
SURF96 R C T -1 42.000    4.5297    1.0000    
SURF96 R U T -1 40.000    3.4504    1.0000    
SURF96 R C T -1 40.000    4.4648    1.0000    
SURF96 R U T -1 38.000    3.4055    1.0000    
SURF96 R C T -1 38.000    4.3983    1.0000    
SURF96 R U T -1 36.000    3.3563    1.0000    
SURF96 R C T -1 36.000    4.3297    1.0000    
SURF96 R U T -1 34.000    3.3033    1.0000    
SURF96 R C T -1 34.000    4.2586    1.0000    
SURF96 R U T -1 32.000    3.2474    1.0000    
SURF96 R C T -1 32.000    4.1847    1.0000    
SURF96 R U T -1 30.000    3.1909    1.0000    
SURF96 R C T -1 30.000    4.1076    1.0000    
SURF96 R U T -1 29.000    3.1633    1.0000    
SURF96 R C T -1 29.000    4.0679    1.0000    
SURF96 R U T -1 28.000    3.1372    1.0000    
SURF96 R C T -1 28.000    4.0274    1.0000    
SURF96 R U T -1 27.000    3.1133    1.0000    
SURF96 R C T -1 27.000    3.9863    1.0000    
SURF96 R U T -1 26.000    3.0929    1.0000    
SURF96 R C T -1 26.000    3.9447    1.0000    
