SURF96 R U T -1 95.000    3.4424    1.0000    
SURF96 R C T -1 95.000    6.0787    1.0000    
SURF96 R U T -1 90.000    3.4925    1.0000    
SURF96 R C T -1 90.000    5.8472    1.0000    
SURF96 R U T -1 85.000    3.5427    1.0000    
SURF96 R C T -1 85.000    5.6395    1.0000    
SURF96 R U T -1 80.000    3.5916    1.0000    
SURF96 R C T -1 80.000    5.4532    1.0000    
SURF96 R U T -1 75.000    3.6368    1.0000    
SURF96 R C T -1 75.000    5.2853    1.0000    
SURF96 R U T -1 70.000    3.6754    1.0000    
SURF96 R C T -1 70.000    5.1330    1.0000    
SURF96 R U T -1 65.000    3.7029    1.0000    
SURF96 R C T -1 65.000    4.9935    1.0000    
SURF96 R U T -1 60.000    3.7130    1.0000    
SURF96 R C T -1 60.000    4.8640    1.0000    
SURF96 R U T -1 55.000    3.6981    1.0000    
SURF96 R C T -1 55.000    4.7408    1.0000    
SURF96 R U T -1 50.000    3.6492    1.0000    
SURF96 R C T -1 50.000    4.6192    1.0000    
SURF96 R U T -1 48.000    3.6181    1.0000    
SURF96 R C T -1 48.000    4.5696    1.0000    
SURF96 R U T -1 46.000    3.5799    1.0000    
SURF96 R C T -1 46.000    4.5189    1.0000    
SURF96 R U T -1 44.000    3.5342    1.0000    
SURF96 R C T -1 44.000    4.4664    1.0000    
SURF96 R U T -1 42.000    3.4813    1.0000    
SURF96 R C T -1 42.000    4.4116    1.0000    
SURF96 R U T -1 40.000    3.4217    1.0000    
SURF96 R C T -1 40.000    4.3539    1.0000    
SURF96 R U T -1 38.000    3.3566    1.0000    
SURF96 R C T -1 38.000    4.2928    1.0000    
SURF96 R U T -1 36.000    3.2884    1.0000    
SURF96 R C T -1 36.000    4.2278    1.0000    
SURF96 R U T -1 34.000    3.2207    1.0000    
SURF96 R C T -1 34.000    4.1586    1.0000    
SURF96 R U T -1 32.000    3.1596    1.0000    
SURF96 R C T -1 32.000    4.0855    1.0000    
SURF96 R U T -1 30.000    3.1152    1.0000    
SURF96 R C T -1 30.000    4.0095    1.0000    
SURF96 R U T -1 29.000    3.1043    1.0000    
SURF96 R C T -1 29.000    3.9711    1.0000    
SURF96 R U T -1 28.000    3.1051    1.0000    
SURF96 R C T -1 28.000    3.9332    1.0000    
SURF96 R U T -1 27.000    3.1225    1.0000    
SURF96 R C T -1 27.000    3.8965    1.0000    
SURF96 R U T -1 26.000    3.1637    1.0000    
SURF96 R C T -1 26.000    3.8621    1.0000    
