SURF96 R U T -1 90.000    3.6151    1.0000    
SURF96 R C T -1 90.000    6.4657    1.0000    
SURF96 R U T -1 85.000    3.6568    1.0000    
SURF96 R C T -1 85.000    6.1975    1.0000    
SURF96 R U T -1 80.000    3.6968    1.0000    
SURF96 R C T -1 80.000    5.9573    1.0000    
SURF96 R U T -1 75.000    3.7332    1.0000    
SURF96 R C T -1 75.000    5.7409    1.0000    
SURF96 R U T -1 70.000    3.7635    1.0000    
SURF96 R C T -1 70.000    5.5445    1.0000    
SURF96 R U T -1 65.000    3.7837    1.0000    
SURF96 R C T -1 65.000    5.3648    1.0000    
SURF96 R U T -1 60.000    3.7884    1.0000    
SURF96 R C T -1 60.000    5.1983    1.0000    
SURF96 R U T -1 55.000    3.7709    1.0000    
SURF96 R C T -1 55.000    5.0409    1.0000    
SURF96 R U T -1 50.000    3.7227    1.0000    
SURF96 R C T -1 50.000    4.8878    1.0000    
SURF96 R U T -1 48.000    3.6928    1.0000    
SURF96 R C T -1 48.000    4.8264    1.0000    
SURF96 R U T -1 46.000    3.6562    1.0000    
SURF96 R C T -1 46.000    4.7642    1.0000    
SURF96 R U T -1 44.000    3.6123    1.0000    
SURF96 R C T -1 44.000    4.7007    1.0000    
SURF96 R U T -1 42.000    3.5611    1.0000    
SURF96 R C T -1 42.000    4.6352    1.0000    
SURF96 R U T -1 40.000    3.5027    1.0000    
SURF96 R C T -1 40.000    4.5673    1.0000    
SURF96 R U T -1 38.000    3.4378    1.0000    
SURF96 R C T -1 38.000    4.4962    1.0000    
SURF96 R U T -1 36.000    3.3677    1.0000    
SURF96 R C T -1 36.000    4.4214    1.0000    
SURF96 R U T -1 34.000    3.2949    1.0000    
SURF96 R C T -1 34.000    4.3424    1.0000    
SURF96 R U T -1 32.000    3.2235    1.0000    
SURF96 R C T -1 32.000    4.2590    1.0000    
SURF96 R U T -1 30.000    3.1604    1.0000    
SURF96 R C T -1 30.000    4.1716    1.0000    
SURF96 R U T -1 29.000    3.1353    1.0000    
SURF96 R C T -1 29.000    4.1269    1.0000    
SURF96 R U T -1 28.000    3.1172    1.0000    
SURF96 R C T -1 28.000    4.0818    1.0000    
SURF96 R U T -1 27.000    3.1091    1.0000    
SURF96 R C T -1 27.000    4.0368    1.0000    
