SURF96 R U T -1 90.000    3.7258    1.0000    
SURF96 R C T -1 90.000    6.1827    1.0000    
SURF96 R U T -1 85.000    3.7544    1.0000    
SURF96 R C T -1 85.000    5.9661    1.0000    
SURF96 R U T -1 80.000    3.7804    1.0000    
SURF96 R C T -1 80.000    5.7681    1.0000    
SURF96 R U T -1 75.000    3.8020    1.0000    
SURF96 R C T -1 75.000    5.5862    1.0000    
SURF96 R U T -1 70.000    3.8167    1.0000    
SURF96 R C T -1 70.000    5.4178    1.0000    
SURF96 R U T -1 65.000    3.8211    1.0000    
SURF96 R C T -1 65.000    5.2606    1.0000    
SURF96 R U T -1 60.000    3.8106    1.0000    
SURF96 R C T -1 60.000    5.1119    1.0000    
SURF96 R U T -1 55.000    3.7793    1.0000    
SURF96 R C T -1 55.000    4.9684    1.0000    
SURF96 R U T -1 50.000    3.7199    1.0000    
SURF96 R C T -1 50.000    4.8261    1.0000    
SURF96 R U T -1 48.000    3.6865    1.0000    
SURF96 R C T -1 48.000    4.7683    1.0000    
SURF96 R U T -1 46.000    3.6470    1.0000    
SURF96 R C T -1 46.000    4.7093    1.0000    
SURF96 R U T -1 44.000    3.6008    1.0000    
SURF96 R C T -1 44.000    4.6488    1.0000    
SURF96 R U T -1 42.000    3.5478    1.0000    
SURF96 R C T -1 42.000    4.5861    1.0000    
SURF96 R U T -1 40.000    3.4881    1.0000    
SURF96 R C T -1 40.000    4.5208    1.0000    
SURF96 R U T -1 38.000    3.4218    1.0000    
SURF96 R C T -1 38.000    4.4521    1.0000    
SURF96 R U T -1 36.000    3.3500    1.0000    
SURF96 R C T -1 36.000    4.3795    1.0000    
SURF96 R U T -1 34.000    3.2743    1.0000    
SURF96 R C T -1 34.000    4.3024    1.0000    
SURF96 R U T -1 32.000    3.1976    1.0000    
SURF96 R C T -1 32.000    4.2205    1.0000    
SURF96 R U T -1 30.000    3.1248    1.0000    
SURF96 R C T -1 30.000    4.1337    1.0000    
SURF96 R U T -1 29.000    3.0922    1.0000    
SURF96 R C T -1 29.000    4.0888    1.0000    
SURF96 R U T -1 28.000    3.0641    1.0000    
SURF96 R C T -1 28.000    4.0429    1.0000    
SURF96 R U T -1 27.000    3.0424    1.0000    
SURF96 R C T -1 27.000    3.9966    1.0000    
