SURF96 R U T  0 95.000    3.4309    1.0000    
SURF96 R C T  0 95.000    6.5741    1.0000    
SURF96 R U T  0 90.000    3.4223    1.0000    
SURF96 R C T  0 90.000    6.2706    1.0000    
SURF96 R U T  0 85.000    3.4131    1.0000    
SURF96 R C T  0 85.000    5.9875    1.0000    
SURF96 R U T  0 80.000    3.4026    1.0000    
SURF96 R C T  0 80.000    5.7341    1.0000    
SURF96 R U T  0 75.000    3.3911    1.0000    
SURF96 R C T  0 75.000    5.4978    1.0000    
SURF96 R U T  0 70.000    3.3783    1.0000    
SURF96 R C T  0 70.000    5.2778    1.0000    
SURF96 R U T  0 65.000    3.3640    1.0000    
SURF96 R C T  0 65.000    5.0723    1.0000    
SURF96 R U T  0 60.000    3.3480    1.0000    
SURF96 R C T  0 60.000    4.8798    1.0000    
SURF96 R U T  0 55.000    3.3297    1.0000    
SURF96 R C T  0 55.000    4.6993    1.0000    
SURF96 R U T  0 50.000    3.3089    1.0000    
SURF96 R C T  0 50.000    4.5281    1.0000    
SURF96 R U T  0 48.000    3.2997    1.0000    
SURF96 R C T  0 48.000    4.4619    1.0000    
SURF96 R U T  0 46.000    3.2901    1.0000    
SURF96 R C T  0 46.000    4.3970    1.0000    
SURF96 R U T  0 44.000    3.2798    1.0000    
SURF96 R C T  0 44.000    4.3332    1.0000    
SURF96 R U T  0 42.000    3.2689    1.0000    
SURF96 R C T  0 42.000    4.2704    1.0000    
SURF96 R U T  0 40.000    3.2573    1.0000    
SURF96 R C T  0 40.000    4.2085    1.0000    
SURF96 R U T  0 38.000    3.2451    1.0000    
SURF96 R C T  0 38.000    4.1474    1.0000    
SURF96 R U T  0 36.000    3.2320    1.0000    
SURF96 R C T  0 36.000    4.0871    1.0000    
SURF96 R U T  0 34.000    3.2182    1.0000    
SURF96 R C T  0 34.000    4.0273    1.0000    
SURF96 R U T  0 32.000    3.2034    1.0000    
SURF96 R C T  0 32.000    3.9679    1.0000    
SURF96 R U T  0 30.000    3.1878    1.0000    
SURF96 R C T  0 30.000    3.9088    1.0000    
SURF96 R U T  0 29.000    3.1796    1.0000    
SURF96 R C T  0 29.000    3.8794    1.0000    
SURF96 R U T  0 28.000    3.1713    1.0000    
SURF96 R C T  0 28.000    3.8500    1.0000    
SURF96 R U T  0 27.000    3.1627    1.0000    
SURF96 R C T  0 27.000    3.8205    1.0000    
SURF96 R U T  0 26.000    3.1538    1.0000    
SURF96 R C T  0 26.000    3.7911    1.0000    
SURF96 R U T  0 25.000    3.1448    1.0000    
SURF96 R C T  0 25.000    3.7616    1.0000    
SURF96 R U T  0 24.000    3.1357    1.0000    
SURF96 R C T  0 24.000    3.7321    1.0000    
SURF96 R U T  0 23.000    3.1263    1.0000    
SURF96 R C T  0 23.000    3.7024    1.0000    
SURF96 R U T  0 22.000    3.1169    1.0000    
SURF96 R C T  0 22.000    3.6727    1.0000    
SURF96 R U T  0 21.000    3.1075    1.0000    
SURF96 R C T  0 21.000    3.6429    1.0000    
SURF96 R U T  0 20.000    3.0981    1.0000    
SURF96 R C T  0 20.000    3.6129    1.0000    
SURF96 R U T  0 19.000    3.0890    1.0000    
SURF96 R C T  0 19.000    3.5829    1.0000    
SURF96 R U T  0 18.000    3.0801    1.0000    
SURF96 R C T  0 18.000    3.5526    1.0000    
SURF96 R U T  0 17.000    3.0719    1.0000    
SURF96 R C T  0 17.000    3.5223    1.0000    
SURF96 R U T  0 16.000    3.0646    1.0000    
SURF96 R C T  0 16.000    3.4919    1.0000    
SURF96 R U T  0 15.000    3.0586    1.0000    
SURF96 R C T  0 15.000    3.4615    1.0000    
SURF96 R U T  0 14.000    3.0545    1.0000    
SURF96 R C T  0 14.000    3.4312    1.0000    
SURF96 R U T  0 13.000    3.0531    1.0000    
SURF96 R C T  0 13.000    3.4011    1.0000    
SURF96 R U T  0 12.000    3.0557    1.0000    
SURF96 R C T  0 12.000    3.3716    1.0000    
SURF96 R U T  0 11.000    3.0638    1.0000    
SURF96 R C T  0 11.000    3.3432    1.0000    
SURF96 R U T  0 10.000    3.0796    1.0000    
SURF96 R C T  0 10.000    3.3165    1.0000    
SURF96 R U T  0 9.5000    3.0913    1.0000    
SURF96 R C T  0 9.5000    3.3041    1.0000    
SURF96 R U T  0 9.0000    3.1060    1.0000    
SURF96 R C T  0 9.0000    3.2926    1.0000    
SURF96 R U T  0 8.5000    3.1243    1.0000    
SURF96 R C T  0 8.5000    3.2822    1.0000    
SURF96 R U T  0 8.0000    3.1463    1.0000    
SURF96 R C T  0 8.0000    3.2732    1.0000    
SURF96 R U T  0 7.5000    3.1723    1.0000    
SURF96 R C T  0 7.5000    3.2658    1.0000    
SURF96 R U T  0 7.0000    3.2017    1.0000    
SURF96 R C T  0 7.0000    3.2605    1.0000    
SURF96 R U T  0 6.5000    3.2326    1.0000    
SURF96 R C T  0 6.5000    3.2573    1.0000    
SURF96 R U T  0 6.0000    3.2603    1.0000    
SURF96 R C T  0 6.0000    3.2566    1.0000    
SURF96 R U T  0 5.5000    3.2743    1.0000    
SURF96 R C T  0 5.5000    3.2576    1.0000    
SURF96 R U T  0 5.0000    3.2528    1.0000    
SURF96 R C T  0 5.0000    3.2585    1.0000    
SURF96 R U T  0 4.8000    3.2257    1.0000    
SURF96 R C T  0 4.8000    3.2578    1.0000    
SURF96 R U T  0 4.6000    3.1826    1.0000    
SURF96 R C T  0 4.6000    3.2556    1.0000    
SURF96 R U T  0 4.4000    3.1189    1.0000    
SURF96 R C T  0 4.4000    3.2509    1.0000    
SURF96 R U T  0 4.2000    3.0294    1.0000    
SURF96 R C T  0 4.2000    3.2425    1.0000    
