SURF96 R U T -1 85.000    3.7127    1.0000    
SURF96 R C T -1 85.000    3.4172    1.0000    
SURF96 R U T -1 80.000    3.7217    1.0000    
SURF96 R C T -1 80.000    3.4335    1.0000    
SURF96 R U T -1 75.000    3.7318    1.0000    
SURF96 R C T -1 75.000    3.4504    1.0000    
SURF96 R U T -1 70.000    3.7434    1.0000    
SURF96 R C T -1 70.000    3.4682    1.0000    
SURF96 R U T -1 65.000    3.7562    1.0000    
SURF96 R C T -1 65.000    3.4869    1.0000    
SURF96 R U T -1 60.000    3.5824    1.0000    
SURF96 R C T -1 60.000    3.5003    1.0000    
SURF96 R U T -1 55.000    3.5723    1.0000    
SURF96 R C T -1 55.000    3.5064    1.0000    
SURF96 R U T -1 50.000    3.6273    1.0000    
SURF96 R C T -1 50.000    3.5147    1.0000    
SURF96 R U T -1 48.000    3.5610    1.0000    
SURF96 R C T -1 48.000    3.5178    1.0000    
SURF96 R U T -1 46.000    3.5784    1.0000    
SURF96 R C T -1 46.000    3.5198    1.0000    
SURF96 R U T -1 44.000    3.5933    1.0000    
SURF96 R C T -1 44.000    3.5227    1.0000    
SURF96 R U T -1 42.000    3.5378    1.0000    
SURF96 R C T -1 42.000    3.5249    1.0000    
SURF96 R U T -1 40.000    3.4399    1.0000    
SURF96 R C T -1 40.000    3.5231    1.0000    
SURF96 R U T -1 38.000    3.3750    1.0000    
SURF96 R C T -1 38.000    3.5170    1.0000    
SURF96 R U T -1 36.000    3.3289    1.0000    
SURF96 R C T -1 36.000    3.5078    1.0000    
SURF96 R U T -1 34.000    3.2891    1.0000    
SURF96 R C T -1 34.000    3.4962    1.0000    
SURF96 R U T -1 32.000    3.2322    1.0000    
SURF96 R C T -1 32.000    3.4815    1.0000    
SURF96 R U T -1 30.000    3.1305    1.0000    
SURF96 R C T -1 30.000    3.4610    1.0000    
SURF96 R U T -1 29.000    3.1006    1.0000    
SURF96 R C T -1 29.000    3.4481    1.0000    
SURF96 R U T -1 28.000    3.0947    1.0000    
SURF96 R C T -1 28.000    3.4347    1.0000    
SURF96 R U T -1 27.000    3.1067    1.0000    
SURF96 R C T -1 27.000    3.4215    1.0000    
SURF96 R U T -1 26.000    3.1374    1.0000    
SURF96 R C T -1 26.000    3.4094    1.0000    
