SURF96 R U T  0 95.000    3.6533    1.0000    
SURF96 R C T  0 95.000    5.9930    1.0000    
SURF96 R U T  0 90.000    3.6708    1.0000    
SURF96 R C T  0 90.000    5.7989    1.0000    
SURF96 R U T  0 85.000    3.6867    1.0000    
SURF96 R C T  0 85.000    5.6189    1.0000    
SURF96 R U T  0 80.000    3.6999    1.0000    
SURF96 R C T  0 80.000    5.4518    1.0000    
SURF96 R U T  0 75.000    3.7091    1.0000    
SURF96 R C T  0 75.000    5.2957    1.0000    
SURF96 R U T  0 70.000    3.7126    1.0000    
SURF96 R C T  0 70.000    5.1492    1.0000    
SURF96 R U T  0 65.000    3.7079    1.0000    
SURF96 R C T  0 65.000    5.0104    1.0000    
SURF96 R U T  0 60.000    3.6917    1.0000    
SURF96 R C T  0 60.000    4.8777    1.0000    
SURF96 R U T  0 55.000    3.6599    1.0000    
SURF96 R C T  0 55.000    4.7484    1.0000    
SURF96 R U T  0 50.000    3.6073    1.0000    
SURF96 R C T  0 50.000    4.6197    1.0000    
SURF96 R U T  0 48.000    3.5791    1.0000    
SURF96 R C T  0 48.000    4.5675    1.0000    
SURF96 R U T  0 46.000    3.5465    1.0000    
SURF96 R C T  0 46.000    4.5145    1.0000    
SURF96 R U T  0 44.000    3.5090    1.0000    
SURF96 R C T  0 44.000    4.4603    1.0000    
SURF96 R U T  0 42.000    3.4664    1.0000    
SURF96 R C T  0 42.000    4.4044    1.0000    
SURF96 R U T  0 40.000    3.4189    1.0000    
SURF96 R C T  0 40.000    4.3466    1.0000    
SURF96 R U T  0 38.000    3.3665    1.0000    
SURF96 R C T  0 38.000    4.2864    1.0000    
SURF96 R U T  0 36.000    3.3099    1.0000    
SURF96 R C T  0 36.000    4.2232    1.0000    
SURF96 R U T  0 34.000    3.2505    1.0000    
SURF96 R C T  0 34.000    4.1568    1.0000    
SURF96 R U T  0 32.000    3.1906    1.0000    
SURF96 R C T  0 32.000    4.0868    1.0000    
SURF96 R U T  0 30.000    3.1341    1.0000    
SURF96 R C T  0 30.000    4.0133    1.0000    
SURF96 R U T  0 29.000    3.1092    1.0000    
SURF96 R C T  0 29.000    3.9755    1.0000    
SURF96 R U T  0 28.000    3.0881    1.0000    
SURF96 R C T  0 28.000    3.9370    1.0000    
SURF96 R U T  0 27.000    3.0724    1.0000    
SURF96 R C T  0 27.000    3.8983    1.0000    
SURF96 R U T  0 26.000    3.0647    1.0000    
SURF96 R C T  0 26.000    3.8596    1.0000    
