SURF96 R U T -1 95.000    3.5612    1.0000    
SURF96 R C T -1 95.000    6.0071    1.0000    
SURF96 R U T -1 90.000    3.5993    1.0000    
SURF96 R C T -1 90.000    5.8004    1.0000    
SURF96 R U T -1 85.000    3.6361    1.0000    
SURF96 R C T -1 85.000    5.6122    1.0000    
SURF96 R U T -1 80.000    3.6698    1.0000    
SURF96 R C T -1 80.000    5.4406    1.0000    
SURF96 R U T -1 75.000    3.6985    1.0000    
SURF96 R C T -1 75.000    5.2833    1.0000    
SURF96 R U T -1 70.000    3.7191    1.0000    
SURF96 R C T -1 70.000    5.1380    1.0000    
SURF96 R U T -1 65.000    3.7278    1.0000    
SURF96 R C T -1 65.000    5.0024    1.0000    
SURF96 R U T -1 60.000    3.7193    1.0000    
SURF96 R C T -1 60.000    4.8738    1.0000    
SURF96 R U T -1 55.000    3.6877    1.0000    
SURF96 R C T -1 55.000    4.7490    1.0000    
SURF96 R U T -1 50.000    3.6265    1.0000    
SURF96 R C T -1 50.000    4.6238    1.0000    
SURF96 R U T -1 48.000    3.5924    1.0000    
SURF96 R C T -1 48.000    4.5724    1.0000    
SURF96 R U T -1 46.000    3.5527    1.0000    
SURF96 R C T -1 46.000    4.5197    1.0000    
SURF96 R U T -1 44.000    3.5073    1.0000    
SURF96 R C T -1 44.000    4.4653    1.0000    
SURF96 R U T -1 42.000    3.4566    1.0000    
SURF96 R C T -1 42.000    4.4087    1.0000    
SURF96 R U T -1 40.000    3.4016    1.0000    
SURF96 R C T -1 40.000    4.3495    1.0000    
SURF96 R U T -1 38.000    3.3439    1.0000    
SURF96 R C T -1 38.000    4.2874    1.0000    
SURF96 R U T -1 36.000    3.2860    1.0000    
SURF96 R C T -1 36.000    4.2221    1.0000    
SURF96 R U T -1 34.000    3.2322    1.0000    
SURF96 R C T -1 34.000    4.1538    1.0000    
SURF96 R U T -1 32.000    3.1894    1.0000    
SURF96 R C T -1 32.000    4.0831    1.0000    
SURF96 R U T -1 30.000    3.1694    1.0000    
SURF96 R C T -1 30.000    4.0116    1.0000    
SURF96 R U T -1 29.000    3.1738    1.0000    
SURF96 R C T -1 29.000    3.9764    1.0000    
SURF96 R U T -1 28.000    3.1931    1.0000    
SURF96 R C T -1 28.000    3.9425    1.0000    
