SURF96 R U T -1 75.000    3.7970    1.0000    
SURF96 R C T -1 75.000    6.2162    1.0000    
SURF96 R U T -1 70.000    3.8038    1.0000    
SURF96 R C T -1 70.000    5.9636    1.0000    
SURF96 R U T -1 65.000    3.8031    1.0000    
SURF96 R C T -1 65.000    5.7311    1.0000    
SURF96 R U T -1 60.000    3.7917    1.0000    
SURF96 R C T -1 60.000    5.5152    1.0000    
SURF96 R U T -1 55.000    3.7662    1.0000    
SURF96 R C T -1 55.000    5.3120    1.0000    
SURF96 R U T -1 50.000    3.7224    1.0000    
SURF96 R C T -1 50.000    5.1174    1.0000    
SURF96 R U T -1 48.000    3.6989    1.0000    
SURF96 R C T -1 48.000    5.0410    1.0000    
SURF96 R U T -1 46.000    3.6716    1.0000    
SURF96 R C T -1 46.000    4.9649    1.0000    
SURF96 R U T -1 44.000    3.6406    1.0000    
SURF96 R C T -1 44.000    4.8888    1.0000    
SURF96 R U T -1 42.000    3.6058    1.0000    
SURF96 R C T -1 42.000    4.8124    1.0000    
SURF96 R U T -1 40.000    3.5678    1.0000    
SURF96 R C T -1 40.000    4.7353    1.0000    
SURF96 R U T -1 38.000    3.5274    1.0000    
SURF96 R C T -1 38.000    4.6573    1.0000    
SURF96 R U T -1 36.000    3.4859    1.0000    
SURF96 R C T -1 36.000    4.5782    1.0000    
SURF96 R U T -1 34.000    3.4461    1.0000    
SURF96 R C T -1 34.000    4.4980    1.0000    
SURF96 R U T -1 32.000    3.4120    1.0000    
SURF96 R C T -1 32.000    4.4169    1.0000    
SURF96 R U T -1 30.000    3.3911    1.0000    
SURF96 R C T -1 30.000    4.3358    1.0000    
SURF96 R U T -1 29.000    3.3892    1.0000    
SURF96 R C T -1 29.000    4.2958    1.0000    
SURF96 R U T -1 28.000    3.3961    1.0000    
SURF96 R C T -1 28.000    4.2567    1.0000    
SURF96 R U T -1 27.000    3.4151    1.0000    
SURF96 R C T -1 27.000    4.2190    1.0000    
