SURF96 R U T -1 90.000    3.6220    1.0000    
SURF96 R C T -1 90.000    6.3671    1.0000    
SURF96 R U T -1 85.000    3.6526    1.0000    
SURF96 R C T -1 85.000    6.1121    1.0000    
SURF96 R U T -1 80.000    3.6817    1.0000    
SURF96 R C T -1 80.000    5.8815    1.0000    
SURF96 R U T -1 75.000    3.7080    1.0000    
SURF96 R C T -1 75.000    5.6718    1.0000    
SURF96 R U T -1 70.000    3.7295    1.0000    
SURF96 R C T -1 70.000    5.4800    1.0000    
SURF96 R U T -1 65.000    3.7436    1.0000    
SURF96 R C T -1 65.000    5.3033    1.0000    
SURF96 R U T -1 60.000    3.7465    1.0000    
SURF96 R C T -1 60.000    5.1390    1.0000    
SURF96 R U T -1 55.000    3.7333    1.0000    
SURF96 R C T -1 55.000    4.9839    1.0000    
SURF96 R U T -1 50.000    3.6981    1.0000    
SURF96 R C T -1 50.000    4.8341    1.0000    
SURF96 R U T -1 48.000    3.6764    1.0000    
SURF96 R C T -1 48.000    4.7747    1.0000    
SURF96 R U T -1 46.000    3.6499    1.0000    
SURF96 R C T -1 46.000    4.7151    1.0000    
SURF96 R U T -1 44.000    3.6181    1.0000    
SURF96 R C T -1 44.000    4.6549    1.0000    
SURF96 R U T -1 42.000    3.5810    1.0000    
SURF96 R C T -1 42.000    4.5937    1.0000    
SURF96 R U T -1 40.000    3.5388    1.0000    
SURF96 R C T -1 40.000    4.5311    1.0000    
SURF96 R U T -1 38.000    3.4918    1.0000    
SURF96 R C T -1 38.000    4.4665    1.0000    
SURF96 R U T -1 36.000    3.4414    1.0000    
SURF96 R C T -1 36.000    4.3997    1.0000    
SURF96 R U T -1 34.000    3.3895    1.0000    
SURF96 R C T -1 34.000    4.3303    1.0000    
SURF96 R U T -1 32.000    3.3399    1.0000    
SURF96 R C T -1 32.000    4.2583    1.0000    
SURF96 R U T -1 30.000    3.2989    1.0000    
SURF96 R C T -1 30.000    4.1842    1.0000    
SURF96 R U T -1 29.000    3.2847    1.0000    
SURF96 R C T -1 29.000    4.1467    1.0000    
SURF96 R U T -1 28.000    3.2774    1.0000    
SURF96 R C T -1 28.000    4.1093    1.0000    
SURF96 R U T -1 27.000    3.2799    1.0000    
SURF96 R C T -1 27.000    4.0724    1.0000    
SURF96 R U T -1 26.000    3.2962    1.0000    
SURF96 R C T -1 26.000    4.0366    1.0000    
