SURF96 R U T -1 75.000    3.7474    1.0000    
SURF96 R C T -1 75.000    6.8120    1.0000    
SURF96 R U T -1 70.000    3.7484    1.0000    
SURF96 R C T -1 70.000    6.4599    1.0000    
SURF96 R U T -1 65.000    3.7475    1.0000    
SURF96 R C T -1 65.000    6.1422    1.0000    
SURF96 R U T -1 60.000    3.7436    1.0000    
SURF96 R C T -1 60.000    5.8542    1.0000    
SURF96 R U T -1 55.000    3.7353    1.0000    
SURF96 R C T -1 55.000    5.5908    1.0000    
SURF96 R U T -1 50.000    3.7198    1.0000    
SURF96 R C T -1 50.000    5.3478    1.0000    
SURF96 R U T -1 48.000    3.7107    1.0000    
SURF96 R C T -1 48.000    5.2555    1.0000    
SURF96 R U T -1 46.000    3.6994    1.0000    
SURF96 R C T -1 46.000    5.1654    1.0000    
SURF96 R U T -1 44.000    3.6855    1.0000    
SURF96 R C T -1 44.000    5.0774    1.0000    
SURF96 R U T -1 42.000    3.6684    1.0000    
SURF96 R C T -1 42.000    4.9910    1.0000    
SURF96 R U T -1 40.000    3.6473    1.0000    
SURF96 R C T -1 40.000    4.9058    1.0000    
SURF96 R U T -1 38.000    3.6213    1.0000    
SURF96 R C T -1 38.000    4.8215    1.0000    
SURF96 R U T -1 36.000    3.5893    1.0000    
SURF96 R C T -1 36.000    4.7374    1.0000    
SURF96 R U T -1 34.000    3.5497    1.0000    
SURF96 R C T -1 34.000    4.6529    1.0000    
SURF96 R U T -1 32.000    3.5007    1.0000    
SURF96 R C T -1 32.000    4.5670    1.0000    
SURF96 R U T -1 30.000    3.4400    1.0000    
SURF96 R C T -1 30.000    4.4786    1.0000    
SURF96 R U T -1 29.000    3.4043    1.0000    
SURF96 R C T -1 29.000    4.4329    1.0000    
SURF96 R U T -1 28.000    3.3645    1.0000    
SURF96 R C T -1 28.000    4.3861    1.0000    
