SURF96 R U T -1 95.000    3.8494    1.0000    
SURF96 R C T -1 95.000    6.3560    1.0000    
SURF96 R U T -1 90.000    3.8432    1.0000    
SURF96 R C T -1 90.000    6.1451    1.0000    
SURF96 R U T -1 85.000    3.8353    1.0000    
SURF96 R C T -1 85.000    5.9466    1.0000    
SURF96 R U T -1 80.000    3.8251    1.0000    
SURF96 R C T -1 80.000    5.7594    1.0000    
SURF96 R U T -1 75.000    3.8121    1.0000    
SURF96 R C T -1 75.000    5.5821    1.0000    
SURF96 R U T -1 70.000    3.7955    1.0000    
SURF96 R C T -1 70.000    5.4134    1.0000    
SURF96 R U T -1 65.000    3.7743    1.0000    
SURF96 R C T -1 65.000    5.2519    1.0000    
SURF96 R U T -1 60.000    3.7471    1.0000    
SURF96 R C T -1 60.000    5.0965    1.0000    
SURF96 R U T -1 55.000    3.7121    1.0000    
SURF96 R C T -1 55.000    4.9455    1.0000    
SURF96 R U T -1 50.000    3.6673    1.0000    
SURF96 R C T -1 50.000    4.7971    1.0000    
SURF96 R U T -1 48.000    3.6459    1.0000    
SURF96 R C T -1 48.000    4.7380    1.0000    
SURF96 R U T -1 46.000    3.6224    1.0000    
SURF96 R C T -1 46.000    4.6788    1.0000    
SURF96 R U T -1 44.000    3.5963    1.0000    
SURF96 R C T -1 44.000    4.6193    1.0000    
SURF96 R U T -1 42.000    3.5677    1.0000    
SURF96 R C T -1 42.000    4.5593    1.0000    
SURF96 R U T -1 40.000    3.5361    1.0000    
SURF96 R C T -1 40.000    4.4985    1.0000    
SURF96 R U T -1 38.000    3.5017    1.0000    
SURF96 R C T -1 38.000    4.4367    1.0000    
SURF96 R U T -1 36.000    3.4641    1.0000    
SURF96 R C T -1 36.000    4.3737    1.0000    
SURF96 R U T -1 34.000    3.4237    1.0000    
SURF96 R C T -1 34.000    4.3090    1.0000    
SURF96 R U T -1 32.000    3.3806    1.0000    
SURF96 R C T -1 32.000    4.2425    1.0000    
SURF96 R U T -1 30.000    3.3357    1.0000    
SURF96 R C T -1 30.000    4.1737    1.0000    
SURF96 R U T -1 29.000    3.3130    1.0000    
SURF96 R C T -1 29.000    4.1385    1.0000    
SURF96 R U T -1 28.000    3.2906    1.0000    
SURF96 R C T -1 28.000    4.1026    1.0000    
SURF96 R U T -1 27.000    3.2688    1.0000    
SURF96 R C T -1 27.000    4.0662    1.0000    
SURF96 R U T -1 26.000    3.2482    1.0000    
SURF96 R C T -1 26.000    4.0292    1.0000    
