SURF96 R U T -1 60.000    3.7433    1.0000    
SURF96 R C T -1 60.000    6.5579    1.0000    
SURF96 R U T -1 55.000    3.6810    1.0000    
SURF96 R C T -1 55.000    6.1639    1.0000    
SURF96 R U T -1 50.000    3.6159    1.0000    
SURF96 R C T -1 50.000    5.8001    1.0000    
SURF96 R U T -1 48.000    3.5891    1.0000    
SURF96 R C T -1 48.000    5.6619    1.0000    
SURF96 R U T -1 46.000    3.5619    1.0000    
SURF96 R C T -1 46.000    5.5275    1.0000    
SURF96 R U T -1 44.000    3.5343    1.0000    
SURF96 R C T -1 44.000    5.3966    1.0000    
SURF96 R U T -1 42.000    3.5064    1.0000    
SURF96 R C T -1 42.000    5.2689    1.0000    
SURF96 R U T -1 40.000    3.4781    1.0000    
SURF96 R C T -1 40.000    5.1443    1.0000    
SURF96 R U T -1 38.000    3.4495    1.0000    
SURF96 R C T -1 38.000    5.0224    1.0000    
SURF96 R U T -1 36.000    3.4206    1.0000    
SURF96 R C T -1 36.000    4.9031    1.0000    
SURF96 R U T -1 34.000    3.3911    1.0000    
SURF96 R C T -1 34.000    4.7862    1.0000    
SURF96 R U T -1 32.000    3.3608    1.0000    
SURF96 R C T -1 32.000    4.6714    1.0000    
SURF96 R U T -1 30.000    3.3293    1.0000    
SURF96 R C T -1 30.000    4.5584    1.0000    
SURF96 R U T -1 29.000    3.3127    1.0000    
SURF96 R C T -1 29.000    4.5025    1.0000    
SURF96 R U T -1 28.000    3.2954    1.0000    
SURF96 R C T -1 28.000    4.4469    1.0000    
SURF96 R U T -1 27.000    3.2771    1.0000    
SURF96 R C T -1 27.000    4.3915    1.0000    
SURF96 R U T -1 26.000    3.2573    1.0000    
SURF96 R C T -1 26.000    4.3362    1.0000    
