SURF96 R U T -1 95.000    3.6926    1.0000    
SURF96 R C T -1 95.000    5.9565    1.0000    
SURF96 R U T -1 90.000    3.7125    1.0000    
SURF96 R C T -1 90.000    5.7718    1.0000    
SURF96 R U T -1 85.000    3.7315    1.0000    
SURF96 R C T -1 85.000    5.6003    1.0000    
SURF96 R U T -1 80.000    3.7487    1.0000    
SURF96 R C T -1 80.000    5.4412    1.0000    
SURF96 R U T -1 75.000    3.7630    1.0000    
SURF96 R C T -1 75.000    5.2928    1.0000    
SURF96 R U T -1 70.000    3.7730    1.0000    
SURF96 R C T -1 70.000    5.1538    1.0000    
SURF96 R U T -1 65.000    3.7766    1.0000    
SURF96 R C T -1 65.000    5.0228    1.0000    
SURF96 R U T -1 60.000    3.7708    1.0000    
SURF96 R C T -1 60.000    4.8982    1.0000    
SURF96 R U T -1 55.000    3.7521    1.0000    
SURF96 R C T -1 55.000    4.7780    1.0000    
SURF96 R U T -1 50.000    3.7159    1.0000    
SURF96 R C T -1 50.000    4.6597    1.0000    
SURF96 R U T -1 48.000    3.6954    1.0000    
SURF96 R C T -1 48.000    4.6122    1.0000    
SURF96 R U T -1 46.000    3.6709    1.0000    
SURF96 R C T -1 46.000    4.5643    1.0000    
SURF96 R U T -1 44.000    3.6422    1.0000    
SURF96 R C T -1 44.000    4.5155    1.0000    
SURF96 R U T -1 42.000    3.6091    1.0000    
SURF96 R C T -1 42.000    4.4657    1.0000    
SURF96 R U T -1 40.000    3.5717    1.0000    
SURF96 R C T -1 40.000    4.4145    1.0000    
SURF96 R U T -1 38.000    3.5301    1.0000    
SURF96 R C T -1 38.000    4.3614    1.0000    
SURF96 R U T -1 36.000    3.4852    1.0000    
SURF96 R C T -1 36.000    4.3063    1.0000    
SURF96 R U T -1 34.000    3.4382    1.0000    
SURF96 R C T -1 34.000    4.2486    1.0000    
SURF96 R U T -1 32.000    3.3918    1.0000    
SURF96 R C T -1 32.000    4.1884    1.0000    
SURF96 R U T -1 30.000    3.3505    1.0000    
SURF96 R C T -1 30.000    4.1258    1.0000    
SURF96 R U T -1 29.000    3.3339    1.0000    
SURF96 R C T -1 29.000    4.0938    1.0000    
SURF96 R U T -1 28.000    3.3219    1.0000    
SURF96 R C T -1 28.000    4.0615    1.0000    
SURF96 R U T -1 27.000    3.3165    1.0000    
SURF96 R C T -1 27.000    4.0293    1.0000    
SURF96 R U T -1 26.000    3.3204    1.0000    
SURF96 R C T -1 26.000    3.9975    1.0000    
