SURF96 R U T -1 75.000    3.9945    1.0000    
SURF96 R C T -1 75.000    4.7963    1.0000    
SURF96 R U T -1 70.000    3.9214    1.0000    
SURF96 R C T -1 70.000    4.7295    1.0000    
SURF96 R U T -1 65.000    3.8417    1.0000    
SURF96 R C T -1 65.000    4.6570    1.0000    
SURF96 R U T -1 60.000    3.7547    1.0000    
SURF96 R C T -1 60.000    4.5776    1.0000    
SURF96 R U T -1 55.000    3.6595    1.0000    
SURF96 R C T -1 55.000    4.4894    1.0000    
SURF96 R U T -1 50.000    3.5573    1.0000    
SURF96 R C T -1 50.000    4.3918    1.0000    
SURF96 R U T -1 48.000    3.5147    1.0000    
SURF96 R C T -1 48.000    4.3497    1.0000    
SURF96 R U T -1 46.000    3.4713    1.0000    
SURF96 R C T -1 46.000    4.3057    1.0000    
SURF96 R U T -1 44.000    3.4274    1.0000    
SURF96 R C T -1 44.000    4.2597    1.0000    
SURF96 R U T -1 42.000    3.3835    1.0000    
SURF96 R C T -1 42.000    4.2117    1.0000    
SURF96 R U T -1 40.000    3.3402    1.0000    
SURF96 R C T -1 40.000    4.1616    1.0000    
SURF96 R U T -1 38.000    3.2982    1.0000    
SURF96 R C T -1 38.000    4.1095    1.0000    
SURF96 R U T -1 36.000    3.2594    1.0000    
SURF96 R C T -1 36.000    4.0553    1.0000    
SURF96 R U T -1 34.000    3.2251    1.0000    
SURF96 R C T -1 34.000    3.9995    1.0000    
SURF96 R U T -1 32.000    3.1987    1.0000    
SURF96 R C T -1 32.000    3.9426    1.0000    
SURF96 R U T -1 30.000    3.1855    1.0000    
SURF96 R C T -1 30.000    3.8853    1.0000    
SURF96 R U T -1 29.000    3.1861    1.0000    
SURF96 R C T -1 29.000    3.8571    1.0000    
SURF96 R U T -1 28.000    3.1933    1.0000    
SURF96 R C T -1 28.000    3.8294    1.0000    
SURF96 R U T -1 27.000    3.2085    1.0000    
SURF96 R C T -1 27.000    3.8027    1.0000    
SURF96 R U T -1 26.000    3.2360    1.0000    
SURF96 R C T -1 26.000    3.7775    1.0000    
